**************************************************************************************
***  DIALOGS  *********  COUNT: 00000000  ********************************************
**************************************************************************************
$	10	all_default
$	20	all_alco
$	21	all_alco_w
$	22	all_merchant
$	25	all_narcoman
$	26	all_narcoman_w
$	27	all_turret
$	30	all_prostitute
$	35	all_poor_man
$	36	all_poor_man_w
$	40	all_child
$	41	all_child_w
$	42	all_slave
$	43	all_slaver
$	44	all_trapper
$	45	all_narcodialer
$	50	all_bootlegger
$	55	all_robber
$	56	all_bandit
$	57	all_cannibal
$	60	all_guard
$	61	all_guard_w
$	62	all_homesteader
$	63	all_raider
$	64	all_enclave_patrol
$	65	all_casino_player
$	66	all_casino_player_w
$	67	all_mercenary
$	68	all_elronologist
$	69	all_press_gang
$	70	base_terminal
$	80	all_unity
$	81	all_mafia
$	82	all_traveller
$	83	all_ranger
$	84	all_marauder
$	85	all_bounty_hunter
$	86	all_outcast
$	87	all_holy_people
$	88	all_nomad
$	89	all_hunter
$	90	all_poker
$	95	all_roulette
$	96	all_energy_barier_terminal
$	97	all_energy_barier_guards
	98	all_manufact_ammo
$	99	eli

$	4000	repl_hubb
$	4001	repl_hubb_oper
$	4050	repl_bank_banker
$	4051	repl_bank_guard
$	4052	repl_bank_keeper
$	4053	repl_terminal
$	4054	repl_trader
$	4055	repl_taxi1
$	4056	repl_taxi2
$	4057	repl_taxi3
$	4058	repl_taxi4
$   4059    repl_smallet
$   4060    repl_ewarrior
$   4061    repl_ehub
$   4062    repl_escientist
$   4063    repl_ghoul

$	4200	all_q_dappo_deadmen

$	4211	all_mslaver_elize_quest
$	4212	all_fslaver_elize_quest


$	5000	mob_norm_rat
$	5001	mob_pig_rat
$	5002	mob_mole_rat
$	5003	mob_int_mole_rat
$	5010	mob_small_scorp
$	5011	mob_large_scorp
$	5012	mob_mantis
$	5013	mob_giant_ant
$	5020	mob_silver_gecko
$	5021	mob_golden_gecko
$	5022	mob_fire_gecko
$	5030	mob_baby_deathclaw
$	5031	mob_adult_deathclaw
$	5032	mob_int_deathclaw
$	5033	mob_deathclaw_egg
$	5040	mob_robobrain
$	5041	mob_fly_eyeball
$	5042	mob_sentry_bot
$	5043	mob_mr_handy
$	5044	mob_floor_turret
$	5045	mob_plasma_turret
$	5050	mob_floater
$	5051	mob_centaur
$	5052	mob_wanamingo
$	5053	mob_spore_plant
$	5054	mob_dog
$	5055	mob_brahmin
$	5056	mob_alien
$	5057	mob_tribal
$	5058	mob_bandit
$	5059	mob_mutant
$	5060	mob_egg_wan
$	5061	mob_ill_brahmin
$	10000	enc_klad_trader
	10001	enc_ocean_trader
$	10002	enc_ocean_america
$	10003	enc_arroyo_patrol
$	10010	enc_dmrv_trader
$	10020	enc_dvmv_trader
$	10030	enc_wild1_trader
$	10040	enc_den_trader
$	10050	enc_vault_trader
$	10060	enc_reno_trader
$	10070	enc_redd_trader
$	10071	enc_hell_patrol_guard
$	10072	enc_hell_patrol_hub
$	10073	enc_hell_fugitive
$	10080	enc_brok_trader
$	10090	enc_geck_trader
$	10100	enc_fran_trader
$	10110	enc_trav_trader
$	10120	enc_ncr_trader
   10121   enc_caravan_guard
$	10130	enc_v15_trader

$	11004	intro_hub_init


$	30003	grosser
$	30005	nra




************************************************************